Archive member included because of file (symbol)

c:/users/ali ehab/desktop/imt_sdk_win_64/winavr/bin/../lib/gcc/avr/4.3.3/avr5\libgcc.a(_mulsi3.o)
                              ./HAL/LM35/LM35_program.o (__mulsi3)
c:/users/ali ehab/desktop/imt_sdk_win_64/winavr/bin/../lib/gcc/avr/4.3.3/avr5\libgcc.a(_udivmodhi4.o)
                              ./SERVICES/RTOS/RTOS_program.o (__udivmodhi4)
c:/users/ali ehab/desktop/imt_sdk_win_64/winavr/bin/../lib/gcc/avr/4.3.3/avr5\libgcc.a(_exit.o)
                              c:/users/ali ehab/desktop/imt_sdk_win_64/winavr/bin/../lib/gcc/avr/4.3.3/../../../../avr/lib/avr5/crtm32.o (exit)
c:/users/ali ehab/desktop/imt_sdk_win_64/winavr/bin/../lib/gcc/avr/4.3.3/avr5\libgcc.a(_copy_data.o)
                              ./HAL/KeyPad/KeyPad_program.o (__do_copy_data)
c:/users/ali ehab/desktop/imt_sdk_win_64/winavr/bin/../lib/gcc/avr/4.3.3/avr5\libgcc.a(_clear_bss.o)
                              ./SERVICES/RTOS/RTOS_program.o (__do_clear_bss)
c:/users/ali ehab/desktop/imt_sdk_win_64/winavr/bin/../lib/gcc/avr/4.3.3/avr5\libgcc.a(_fixunssfsi.o)
                              ./HAL/LCD/LCD_program.o (__fixunssfsi)
c:/users/ali ehab/desktop/imt_sdk_win_64/winavr/bin/../lib/gcc/avr/4.3.3/avr5\libgcc.a(_addsub_sf.o)
                              c:/users/ali ehab/desktop/imt_sdk_win_64/winavr/bin/../lib/gcc/avr/4.3.3/avr5\libgcc.a(_fixunssfsi.o) (__subsf3)
c:/users/ali ehab/desktop/imt_sdk_win_64/winavr/bin/../lib/gcc/avr/4.3.3/avr5\libgcc.a(_mul_sf.o)
                              ./HAL/LCD/LCD_program.o (__mulsf3)
c:/users/ali ehab/desktop/imt_sdk_win_64/winavr/bin/../lib/gcc/avr/4.3.3/avr5\libgcc.a(_gt_sf.o)
                              ./HAL/LCD/LCD_program.o (__gtsf2)
c:/users/ali ehab/desktop/imt_sdk_win_64/winavr/bin/../lib/gcc/avr/4.3.3/avr5\libgcc.a(_ge_sf.o)
                              c:/users/ali ehab/desktop/imt_sdk_win_64/winavr/bin/../lib/gcc/avr/4.3.3/avr5\libgcc.a(_fixunssfsi.o) (__gesf2)
c:/users/ali ehab/desktop/imt_sdk_win_64/winavr/bin/../lib/gcc/avr/4.3.3/avr5\libgcc.a(_lt_sf.o)
                              ./HAL/LCD/LCD_program.o (__ltsf2)
c:/users/ali ehab/desktop/imt_sdk_win_64/winavr/bin/../lib/gcc/avr/4.3.3/avr5\libgcc.a(_sf_to_si.o)
                              c:/users/ali ehab/desktop/imt_sdk_win_64/winavr/bin/../lib/gcc/avr/4.3.3/avr5\libgcc.a(_fixunssfsi.o) (__fixsfsi)
c:/users/ali ehab/desktop/imt_sdk_win_64/winavr/bin/../lib/gcc/avr/4.3.3/avr5\libgcc.a(_thenan_sf.o)
                              c:/users/ali ehab/desktop/imt_sdk_win_64/winavr/bin/../lib/gcc/avr/4.3.3/avr5\libgcc.a(_addsub_sf.o) (__thenan_sf)
c:/users/ali ehab/desktop/imt_sdk_win_64/winavr/bin/../lib/gcc/avr/4.3.3/avr5\libgcc.a(_prologue.o)
                              c:/users/ali ehab/desktop/imt_sdk_win_64/winavr/bin/../lib/gcc/avr/4.3.3/avr5\libgcc.a(_addsub_sf.o) (__prologue_saves__)
c:/users/ali ehab/desktop/imt_sdk_win_64/winavr/bin/../lib/gcc/avr/4.3.3/avr5\libgcc.a(_epilogue.o)
                              c:/users/ali ehab/desktop/imt_sdk_win_64/winavr/bin/../lib/gcc/avr/4.3.3/avr5\libgcc.a(_addsub_sf.o) (__epilogue_restores__)
c:/users/ali ehab/desktop/imt_sdk_win_64/winavr/bin/../lib/gcc/avr/4.3.3/avr5\libgcc.a(_pack_sf.o)
                              c:/users/ali ehab/desktop/imt_sdk_win_64/winavr/bin/../lib/gcc/avr/4.3.3/avr5\libgcc.a(_addsub_sf.o) (__pack_f)
c:/users/ali ehab/desktop/imt_sdk_win_64/winavr/bin/../lib/gcc/avr/4.3.3/avr5\libgcc.a(_unpack_sf.o)
                              c:/users/ali ehab/desktop/imt_sdk_win_64/winavr/bin/../lib/gcc/avr/4.3.3/avr5\libgcc.a(_addsub_sf.o) (__unpack_f)
c:/users/ali ehab/desktop/imt_sdk_win_64/winavr/bin/../lib/gcc/avr/4.3.3/avr5\libgcc.a(_fpcmp_parts_sf.o)
                              c:/users/ali ehab/desktop/imt_sdk_win_64/winavr/bin/../lib/gcc/avr/4.3.3/avr5\libgcc.a(_gt_sf.o) (__fpcmp_parts_f)

Memory Configuration

Name             Origin             Length             Attributes
text             0x00000000         0x00020000         xr
data             0x00800060         0x0000ffa0         rw !x
eeprom           0x00810000         0x00010000         rw !x
fuse             0x00820000         0x00000400         rw !x
lock             0x00830000         0x00000400         rw !x
signature        0x00840000         0x00000400         rw !x
*default*        0x00000000         0xffffffff

Linker script and memory map

LOAD c:/users/ali ehab/desktop/imt_sdk_win_64/winavr/bin/../lib/gcc/avr/4.3.3/../../../../avr/lib/avr5/crtm32.o
LOAD ./SERVICES/RTOS/RTOS_program.o
LOAD ./MCAL/WatchDog Timer/WDT_program.o
LOAD ./MCAL/UART/UART_program.o
LOAD ./MCAL/TWI/TWI_program.o
LOAD ./MCAL/TIMER2/TMR2_program.o
LOAD ./MCAL/TIMER1/TMR1_program.o
LOAD ./MCAL/TIMER0/TMR0_program.o
LOAD ./MCAL/SPI/SPI_program.o
LOAD ./MCAL/GIE/GIE_program.o
LOAD ./MCAL/EXTI/EXTI_program.o
LOAD ./MCAL/DIO_Driver/DIO_Program.o
LOAD ./MCAL/ADC/ADC_program.o
LOAD ./HAL/SEVEN_SEGMENT/Seven_Segment.o
LOAD ./HAL/LM35/LM35_program.o
LOAD ./HAL/LED/LED_program.o
LOAD ./HAL/LCD/LCD_program.o
LOAD ./HAL/KeyPad/KeyPad_program.o
LOAD ./HAL/EEPROM/EEPROM_program.o
LOAD ./APP/Calculator.o
LOAD ./APP/ControlLEDPWM.o
LOAD ./APP/ICU.o
LOAD ./APP/ICU_SW.o
LOAD ./APP/KPD.o
LOAD ./APP/LCD.o
LOAD ./APP/LEDString.o
LOAD ./APP/LM35_project.o
LOAD ./APP/PotentiometerAndLCD.o
LOAD ./APP/PotentiometerAndLED.o
LOAD ./APP/PotentiometerAndTimer.o
LOAD ./APP/RTOSMain.o
LOAD ./APP/SPI.o
LOAD ./APP/SPI_Master.o
LOAD ./APP/SPI_Slave.o
LOAD ./APP/TMR0.o
LOAD ./APP/Toggle_LED_ISR.o
LOAD ./APP/Traffic7Seg.o
LOAD ./APP/UART_TTL.o
LOAD ./APP/WDT_Disable.o
LOAD ./APP/WDT_Sleep.o
LOAD ./APP/main.o
LOAD c:/users/ali ehab/desktop/imt_sdk_win_64/winavr/bin/../lib/gcc/avr/4.3.3/avr5\libgcc.a
LOAD c:/users/ali ehab/desktop/imt_sdk_win_64/winavr/bin/../lib/gcc/avr/4.3.3/../../../../avr/lib/avr5\libc.a
LOAD c:/users/ali ehab/desktop/imt_sdk_win_64/winavr/bin/../lib/gcc/avr/4.3.3/avr5\libgcc.a

.hash
 *(.hash)

.dynsym
 *(.dynsym)

.dynstr
 *(.dynstr)

.gnu.version
 *(.gnu.version)

.gnu.version_d
 *(.gnu.version_d)

.gnu.version_r
 *(.gnu.version_r)

.rel.init
 *(.rel.init)

.rela.init
 *(.rela.init)

.rel.text
 *(.rel.text)
 *(.rel.text.*)
 *(.rel.gnu.linkonce.t*)

.rela.text
 *(.rela.text)
 *(.rela.text.*)
 *(.rela.gnu.linkonce.t*)

.rel.fini
 *(.rel.fini)

.rela.fini
 *(.rela.fini)

.rel.rodata
 *(.rel.rodata)
 *(.rel.rodata.*)
 *(.rel.gnu.linkonce.r*)

.rela.rodata
 *(.rela.rodata)
 *(.rela.rodata.*)
 *(.rela.gnu.linkonce.r*)

.rel.data
 *(.rel.data)
 *(.rel.data.*)
 *(.rel.gnu.linkonce.d*)

.rela.data
 *(.rela.data)
 *(.rela.data.*)
 *(.rela.gnu.linkonce.d*)

.rel.ctors
 *(.rel.ctors)

.rela.ctors
 *(.rela.ctors)

.rel.dtors
 *(.rel.dtors)

.rela.dtors
 *(.rela.dtors)

.rel.got
 *(.rel.got)

.rela.got
 *(.rela.got)

.rel.bss
 *(.rel.bss)

.rela.bss
 *(.rela.bss)

.rel.plt
 *(.rel.plt)

.rela.plt
 *(.rela.plt)

.text           0x00000000     0x3616
 *(.vectors)
 .vectors       0x00000000       0x54 c:/users/ali ehab/desktop/imt_sdk_win_64/winavr/bin/../lib/gcc/avr/4.3.3/../../../../avr/lib/avr5/crtm32.o
                0x00000000                __vectors
                0x00000000                __vector_default
 *(.vectors)
 *(.progmem.gcc*)
 *(.progmem*)
                0x00000054                . = ALIGN (0x2)
                0x00000054                __trampolines_start = .
 *(.trampolines)
 .trampolines   0x00000054        0x0 linker stubs
 *(.trampolines*)
                0x00000054                __trampolines_end = .
 *(.jumptables)
 *(.jumptables*)
 *(.lowtext)
 *(.lowtext*)
                0x00000054                __ctors_start = .
 *(.ctors)
                0x00000054                __ctors_end = .
                0x00000054                __dtors_start = .
 *(.dtors)
                0x00000054                __dtors_end = .
 SORT(*)(.ctors)
 SORT(*)(.dtors)
 *(.init0)
 .init0         0x00000054        0x0 c:/users/ali ehab/desktop/imt_sdk_win_64/winavr/bin/../lib/gcc/avr/4.3.3/../../../../avr/lib/avr5/crtm32.o
                0x00000054                __init
 *(.init0)
 *(.init1)
 *(.init1)
 *(.init2)
 .init2         0x00000054        0xc c:/users/ali ehab/desktop/imt_sdk_win_64/winavr/bin/../lib/gcc/avr/4.3.3/../../../../avr/lib/avr5/crtm32.o
 *(.init2)
 *(.init3)
 *(.init3)
 *(.init4)
 .init4         0x00000060       0x16 c:/users/ali ehab/desktop/imt_sdk_win_64/winavr/bin/../lib/gcc/avr/4.3.3/avr5\libgcc.a(_copy_data.o)
                0x00000060                __do_copy_data
 .init4         0x00000076       0x10 c:/users/ali ehab/desktop/imt_sdk_win_64/winavr/bin/../lib/gcc/avr/4.3.3/avr5\libgcc.a(_clear_bss.o)
                0x00000076                __do_clear_bss
 *(.init4)
 *(.init5)
 *(.init5)
 *(.init6)
 *(.init6)
 *(.init7)
 *(.init7)
 *(.init8)
 *(.init8)
 *(.init9)
 .init9         0x00000086        0x8 c:/users/ali ehab/desktop/imt_sdk_win_64/winavr/bin/../lib/gcc/avr/4.3.3/../../../../avr/lib/avr5/crtm32.o
 *(.init9)
 *(.text)
 .text          0x0000008e        0x4 c:/users/ali ehab/desktop/imt_sdk_win_64/winavr/bin/../lib/gcc/avr/4.3.3/../../../../avr/lib/avr5/crtm32.o
                0x0000008e                __vector_12
                0x0000008e                __bad_interrupt
                0x0000008e                __vector_17
                0x0000008e                __vector_19
                0x0000008e                __vector_7
                0x0000008e                __vector_5
                0x0000008e                __vector_4
                0x0000008e                __vector_9
                0x0000008e                __vector_8
                0x0000008e                __vector_14
                0x0000008e                __vector_16
                0x0000008e                __vector_18
                0x0000008e                __vector_20
 .text          0x00000092        0x0 ./SERVICES/RTOS/RTOS_program.o
 .text          0x00000092        0x0 ./MCAL/WatchDog Timer/WDT_program.o
 .text          0x00000092        0x0 ./MCAL/UART/UART_program.o
 .text          0x00000092        0x0 ./MCAL/TWI/TWI_program.o
 .text          0x00000092        0x0 ./MCAL/TIMER2/TMR2_program.o
 .text          0x00000092        0x0 ./MCAL/TIMER1/TMR1_program.o
 .text          0x00000092        0x0 ./MCAL/TIMER0/TMR0_program.o
 .text          0x00000092        0x0 ./MCAL/SPI/SPI_program.o
 .text          0x00000092        0x0 ./MCAL/GIE/GIE_program.o
 .text          0x00000092        0x0 ./MCAL/EXTI/EXTI_program.o
 .text          0x00000092        0x0 ./MCAL/DIO_Driver/DIO_Program.o
 .text          0x00000092        0x0 ./MCAL/ADC/ADC_program.o
 .text          0x00000092        0x0 ./HAL/SEVEN_SEGMENT/Seven_Segment.o
 .text          0x00000092        0x0 ./HAL/LM35/LM35_program.o
 .text          0x00000092        0x0 ./HAL/LED/LED_program.o
 .text          0x00000092        0x0 ./HAL/LCD/LCD_program.o
 .text          0x00000092        0x0 ./HAL/KeyPad/KeyPad_program.o
 .text          0x00000092        0x0 ./HAL/EEPROM/EEPROM_program.o
 .text          0x00000092        0x0 ./APP/Calculator.o
 .text          0x00000092        0x0 ./APP/ControlLEDPWM.o
 .text          0x00000092        0x0 ./APP/ICU.o
 .text          0x00000092        0x0 ./APP/ICU_SW.o
 .text          0x00000092        0x0 ./APP/KPD.o
 .text          0x00000092        0x0 ./APP/LCD.o
 .text          0x00000092        0x0 ./APP/LEDString.o
 .text          0x00000092        0x0 ./APP/LM35_project.o
 .text          0x00000092        0x0 ./APP/PotentiometerAndLCD.o
 .text          0x00000092        0x0 ./APP/PotentiometerAndLED.o
 .text          0x00000092        0x0 ./APP/PotentiometerAndTimer.o
 .text          0x00000092        0x0 ./APP/RTOSMain.o
 .text          0x00000092        0x0 ./APP/SPI.o
 .text          0x00000092        0x0 ./APP/SPI_Master.o
 .text          0x00000092        0x0 ./APP/SPI_Slave.o
 .text          0x00000092        0x0 ./APP/TMR0.o
 .text          0x00000092        0x0 ./APP/Toggle_LED_ISR.o
 .text          0x00000092        0x0 ./APP/Traffic7Seg.o
 .text          0x00000092        0x0 ./APP/UART_TTL.o
 .text          0x00000092        0x0 ./APP/WDT_Disable.o
 .text          0x00000092        0x0 ./APP/WDT_Sleep.o
 .text          0x00000092        0x0 ./APP/main.o
 .text          0x00000092        0x0 c:/users/ali ehab/desktop/imt_sdk_win_64/winavr/bin/../lib/gcc/avr/4.3.3/avr5\libgcc.a(_mulsi3.o)
 .text          0x00000092        0x0 c:/users/ali ehab/desktop/imt_sdk_win_64/winavr/bin/../lib/gcc/avr/4.3.3/avr5\libgcc.a(_udivmodhi4.o)
 .text          0x00000092        0x0 c:/users/ali ehab/desktop/imt_sdk_win_64/winavr/bin/../lib/gcc/avr/4.3.3/avr5\libgcc.a(_exit.o)
 .text          0x00000092        0x0 c:/users/ali ehab/desktop/imt_sdk_win_64/winavr/bin/../lib/gcc/avr/4.3.3/avr5\libgcc.a(_copy_data.o)
 .text          0x00000092        0x0 c:/users/ali ehab/desktop/imt_sdk_win_64/winavr/bin/../lib/gcc/avr/4.3.3/avr5\libgcc.a(_clear_bss.o)
 .text          0x00000092       0x58 c:/users/ali ehab/desktop/imt_sdk_win_64/winavr/bin/../lib/gcc/avr/4.3.3/avr5\libgcc.a(_fixunssfsi.o)
                0x00000092                __fixunssfsi
 .text          0x000000ea      0x354 c:/users/ali ehab/desktop/imt_sdk_win_64/winavr/bin/../lib/gcc/avr/4.3.3/avr5\libgcc.a(_addsub_sf.o)
                0x00000382                __subsf3
                0x000003e4                __addsf3
 .text          0x0000043e      0x1f4 c:/users/ali ehab/desktop/imt_sdk_win_64/winavr/bin/../lib/gcc/avr/4.3.3/avr5\libgcc.a(_mul_sf.o)
                0x0000043e                __mulsf3
 .text          0x00000632       0x60 c:/users/ali ehab/desktop/imt_sdk_win_64/winavr/bin/../lib/gcc/avr/4.3.3/avr5\libgcc.a(_gt_sf.o)
                0x00000632                __gtsf2
 .text          0x00000692       0x60 c:/users/ali ehab/desktop/imt_sdk_win_64/winavr/bin/../lib/gcc/avr/4.3.3/avr5\libgcc.a(_ge_sf.o)
                0x00000692                __gesf2
 .text          0x000006f2       0x60 c:/users/ali ehab/desktop/imt_sdk_win_64/winavr/bin/../lib/gcc/avr/4.3.3/avr5\libgcc.a(_lt_sf.o)
                0x000006f2                __ltsf2
 .text          0x00000752       0xa8 c:/users/ali ehab/desktop/imt_sdk_win_64/winavr/bin/../lib/gcc/avr/4.3.3/avr5\libgcc.a(_sf_to_si.o)
                0x00000752                __fixsfsi
 .text          0x000007fa        0x0 c:/users/ali ehab/desktop/imt_sdk_win_64/winavr/bin/../lib/gcc/avr/4.3.3/avr5\libgcc.a(_thenan_sf.o)
 .text          0x000007fa        0x0 c:/users/ali ehab/desktop/imt_sdk_win_64/winavr/bin/../lib/gcc/avr/4.3.3/avr5\libgcc.a(_prologue.o)
 .text          0x000007fa        0x0 c:/users/ali ehab/desktop/imt_sdk_win_64/winavr/bin/../lib/gcc/avr/4.3.3/avr5\libgcc.a(_epilogue.o)
 .text          0x000007fa      0x1aa c:/users/ali ehab/desktop/imt_sdk_win_64/winavr/bin/../lib/gcc/avr/4.3.3/avr5\libgcc.a(_pack_sf.o)
                0x000007fa                __pack_f
 .text          0x000009a4       0xf0 c:/users/ali ehab/desktop/imt_sdk_win_64/winavr/bin/../lib/gcc/avr/4.3.3/avr5\libgcc.a(_unpack_sf.o)
                0x000009a4                __unpack_f
 .text          0x00000a94       0xb2 c:/users/ali ehab/desktop/imt_sdk_win_64/winavr/bin/../lib/gcc/avr/4.3.3/avr5\libgcc.a(_fpcmp_parts_sf.o)
                0x00000a94                __fpcmp_parts_f
                0x00000b46                . = ALIGN (0x2)
 *(.text.*)
 .text.RTOS_voidInit
                0x00000b46       0x2a ./SERVICES/RTOS/RTOS_program.o
                0x00000b46                RTOS_voidInit
 .text.RTOS_voidCreateTask
                0x00000b70       0x8a ./SERVICES/RTOS/RTOS_program.o
                0x00000b70                RTOS_voidCreateTask
 .text.RTOS_voidDeleteTask
                0x00000bfa       0x32 ./SERVICES/RTOS/RTOS_program.o
                0x00000bfa                RTOS_voidDeleteTask
 .text.voidScheduler
                0x00000c2c       0x88 ./SERVICES/RTOS/RTOS_program.o
 .text.WDT_Enable
                0x00000cb4       0x1c ./MCAL/WatchDog Timer/WDT_program.o
                0x00000cb4                WDT_Enable
 .text.WDT_Sleep
                0x00000cd0       0x32 ./MCAL/WatchDog Timer/WDT_program.o
                0x00000cd0                WDT_Sleep
 .text.WDT_Disable
                0x00000d02       0x1c ./MCAL/WatchDog Timer/WDT_program.o
                0x00000d02                WDT_Disable
 .text.UART_voidInit
                0x00000d1e       0x98 ./MCAL/UART/UART_program.o
                0x00000d1e                UART_voidInit
 .text.UART_voidTransmitDataSynchronous
                0x00000db6       0x3c ./MCAL/UART/UART_program.o
                0x00000db6                UART_voidTransmitDataSynchronous
 .text.UART_u8ReceiveDataSynchronous
                0x00000df2       0x2e ./MCAL/UART/UART_program.o
                0x00000df2                UART_u8ReceiveDataSynchronous
 .text.UART_voidSendString
                0x00000e20       0x52 ./MCAL/UART/UART_program.o
                0x00000e20                UART_voidSendString
 .text.UART_voidSendNumber
                0x00000e72       0xa4 ./MCAL/UART/UART_program.o
                0x00000e72                UART_voidSendNumber
 .text.UART_RXInterruptEnable
                0x00000f16       0x1c ./MCAL/UART/UART_program.o
                0x00000f16                UART_RXInterruptEnable
 .text.UART_TXInterruptEnable
                0x00000f32       0x1c ./MCAL/UART/UART_program.o
                0x00000f32                UART_TXInterruptEnable
 .text.UART_voidRXCompleteCallBack
                0x00000f4e       0x24 ./MCAL/UART/UART_program.o
                0x00000f4e                UART_voidRXCompleteCallBack
 .text.UART_voidTXCompleteCallBack
                0x00000f72       0x24 ./MCAL/UART/UART_program.o
                0x00000f72                UART_voidTXCompleteCallBack
 .text.__vector_13
                0x00000f96       0x66 ./MCAL/UART/UART_program.o
                0x00000f96                __vector_13
 .text.__vector_15
                0x00000ffc       0x66 ./MCAL/UART/UART_program.o
                0x00000ffc                __vector_15
 .text.TWI_voidMasterInit
                0x00001062       0x6c ./MCAL/TWI/TWI_program.o
                0x00001062                TWI_voidMasterInit
 .text.TWI_voidSlaveInit
                0x000010ce       0x3a ./MCAL/TWI/TWI_program.o
                0x000010ce                TWI_voidSlaveInit
 .text.TWI_ERRSendStartCondition
                0x00001108       0x54 ./MCAL/TWI/TWI_program.o
                0x00001108                TWI_ERRSendStartCondition
 .text.TWI_ERRSendRepeatedStartCondition
                0x0000115c       0x54 ./MCAL/TWI/TWI_program.o
                0x0000115c                TWI_ERRSendRepeatedStartCondition
 .text.TWI_ERRSendSlaveAddressWithWrite
                0x000011b0       0x70 ./MCAL/TWI/TWI_program.o
                0x000011b0                TWI_ERRSendSlaveAddressWithWrite
 .text.TWI_ERRSendSlaveAddressWithRead
                0x00001220       0x70 ./MCAL/TWI/TWI_program.o
                0x00001220                TWI_ERRSendSlaveAddressWithRead
 .text.TWI_ERRSendDataPacket
                0x00001290       0x52 ./MCAL/TWI/TWI_program.o
                0x00001290                TWI_ERRSendDataPacket
 .text.TWI_ERRReceiveDataPacket
                0x000012e2       0x5e ./MCAL/TWI/TWI_program.o
                0x000012e2                TWI_ERRReceiveDataPacket
 .text.TWI_voidSendStopCondition
                0x00001340       0x2a ./MCAL/TWI/TWI_program.o
                0x00001340                TWI_voidSendStopCondition
 .text.TIMER2_voidInit
                0x0000136a       0x70 ./MCAL/TIMER2/TMR2_program.o
                0x0000136a                TIMER2_voidInit
 .text.TIMER2_voidSetBusyWaitMS_OVFMode
                0x000013da       0xaa ./MCAL/TIMER2/TMR2_program.o
                0x000013da                TIMER2_voidSetBusyWaitMS_OVFMode
 .text.TIMER2_voidSetBusyWaitMS_CTCMode
                0x00001484       0xbc ./MCAL/TIMER2/TMR2_program.o
                0x00001484                TIMER2_voidSetBusyWaitMS_CTCMode
 .text.TIMER2_voidDisableInterrupt
                0x00001540       0x3e ./MCAL/TIMER2/TMR2_program.o
                0x00001540                TIMER2_voidDisableInterrupt
 .text.TIMER2_voidEnableInterrupt
                0x0000157e       0x3e ./MCAL/TIMER2/TMR2_program.o
                0x0000157e                TIMER2_voidEnableInterrupt
 .text.TIMER2_voidSetCTCCompareMatchValue
                0x000015bc       0x1c ./MCAL/TIMER2/TMR2_program.o
                0x000015bc                TIMER2_voidSetCTCCompareMatchValue
 .text.TIMER2_voidSetPreLoadValue
                0x000015d8       0x1c ./MCAL/TIMER2/TMR2_program.o
                0x000015d8                TIMER2_voidSetPreLoadValue
 .text.TIMER1_voidInit
                0x000015f4       0x70 ./MCAL/TIMER1/TMR1_program.o
                0x000015f4                TIMER1_voidInit
 .text.TIMER1_voidSetICRValue
                0x00001664       0x24 ./MCAL/TIMER1/TMR1_program.o
                0x00001664                TIMER1_voidSetICRValue
 .text.TIMER1_voidSetOCR1AValue
                0x00001688       0x24 ./MCAL/TIMER1/TMR1_program.o
                0x00001688                TIMER1_voidSetOCR1AValue
 .text.TIMER1_u8GetCounterValue
                0x000016ac       0x16 ./MCAL/TIMER1/TMR1_program.o
                0x000016ac                TIMER1_u8GetCounterValue
 .text.ICU_u16GetICRRegister
                0x000016c2       0x16 ./MCAL/TIMER1/TMR1_program.o
                0x000016c2                ICU_u16GetICRRegister
 .text.ICU_voidSetTriggerSignal
                0x000016d8       0x54 ./MCAL/TIMER1/TMR1_program.o
                0x000016d8                ICU_voidSetTriggerSignal
 .text.ICU_voidInterruptContol
                0x0000172c       0x54 ./MCAL/TIMER1/TMR1_program.o
                0x0000172c                ICU_voidInterruptContol
 .text.ICU_voidSetCallBack
                0x00001780       0x24 ./MCAL/TIMER1/TMR1_program.o
                0x00001780                ICU_voidSetCallBack
 .text.__vector_6
                0x000017a4       0x66 ./MCAL/TIMER1/TMR1_program.o
                0x000017a4                __vector_6
 .text.TMR0_voidinit
                0x0000180a       0x70 ./MCAL/TIMER0/TMR0_program.o
                0x0000180a                TMR0_voidinit
 .text.TMR0_voidSetPreloadValue
                0x0000187a       0x1c ./MCAL/TIMER0/TMR0_program.o
                0x0000187a                TMR0_voidSetPreloadValue
 .text.TMR0_voidSetCTCCompareValue
                0x00001896       0x1c ./MCAL/TIMER0/TMR0_program.o
                0x00001896                TMR0_voidSetCTCCompareValue
 .text.TMR0_voidEnableInterrupt
                0x000018b2       0x3e ./MCAL/TIMER0/TMR0_program.o
                0x000018b2                TMR0_voidEnableInterrupt
 .text.TMR0_voidDisableInterrupt
                0x000018f0       0x3e ./MCAL/TIMER0/TMR0_program.o
                0x000018f0                TMR0_voidDisableInterrupt
 .text.TMR0_voidNormalSetBusyWaitMS
                0x0000192e       0x7a ./MCAL/TIMER0/TMR0_program.o
                0x0000192e                TMR0_voidNormalSetBusyWaitMS
 .text.TMR0_voidCTCSetBusyWaitMS
                0x000019a8       0x68 ./MCAL/TIMER0/TMR0_program.o
                0x000019a8                TMR0_voidCTCSetBusyWaitMS
 .text.TMR0_u8GetCounterValue
                0x00001a10       0x14 ./MCAL/TIMER0/TMR0_program.o
                0x00001a10                TMR0_u8GetCounterValue
 .text.TMR0_voidOVFCallBack
                0x00001a24       0x24 ./MCAL/TIMER0/TMR0_program.o
                0x00001a24                TMR0_voidOVFCallBack
 .text.TMR0_voidCTCCallBack
                0x00001a48       0x24 ./MCAL/TIMER0/TMR0_program.o
                0x00001a48                TMR0_voidCTCCallBack
 .text.__vector_10
                0x00001a6c       0x66 ./MCAL/TIMER0/TMR0_program.o
                0x00001a6c                __vector_10
 .text.__vector_11
                0x00001ad2       0x66 ./MCAL/TIMER0/TMR0_program.o
                0x00001ad2                __vector_11
 .text.SPI_voidMasterInit
                0x00001b38       0x7e ./MCAL/SPI/SPI_program.o
                0x00001b38                SPI_voidMasterInit
 .text.SPI_voidSlaveInit
                0x00001bb6       0x54 ./MCAL/SPI/SPI_program.o
                0x00001bb6                SPI_voidSlaveInit
 .text.SPI_u8SendReceive
                0x00001c0a       0x2a ./MCAL/SPI/SPI_program.o
                0x00001c0a                SPI_u8SendReceive
 .text.SPI_send
                0x00001c34       0x1c ./MCAL/SPI/SPI_program.o
                0x00001c34                SPI_send
 .text.SPI_u8Receive
                0x00001c50       0x3c ./MCAL/SPI/SPI_program.o
                0x00001c50                SPI_u8Receive
 .text.GIE_voidEnableGlobalInterrupt
                0x00001c8c       0x1c ./MCAL/GIE/GIE_program.o
                0x00001c8c                GIE_voidEnableGlobalInterrupt
 .text.GIE_voidDisableGlobalInterrupt
                0x00001ca8       0x1c ./MCAL/GIE/GIE_program.o
                0x00001ca8                GIE_voidDisableGlobalInterrupt
 .text.EXTI_voidInitPinConnection
                0x00001cc4       0x80 ./MCAL/EXTI/EXTI_program.o
                0x00001cc4                EXTI_voidInitPinConnection
 .text.EXTI_voidTriggerEdge
                0x00001d44      0x200 ./MCAL/EXTI/EXTI_program.o
                0x00001d44                EXTI_voidTriggerEdge
 .text.EXTI_voidEnable
                0x00001f44       0x6e ./MCAL/EXTI/EXTI_program.o
                0x00001f44                EXTI_voidEnable
 .text.EXTI_voidDisable
                0x00001fb2       0x6e ./MCAL/EXTI/EXTI_program.o
                0x00001fb2                EXTI_voidDisable
 .text.EXTI_voidINT0SetCallBack
                0x00002020       0x24 ./MCAL/EXTI/EXTI_program.o
                0x00002020                EXTI_voidINT0SetCallBack
 .text.__vector_1
                0x00002044       0x66 ./MCAL/EXTI/EXTI_program.o
                0x00002044                __vector_1
 .text.EXTI_voidINT1SetCallBack
                0x000020aa       0x24 ./MCAL/EXTI/EXTI_program.o
                0x000020aa                EXTI_voidINT1SetCallBack
 .text.__vector_2
                0x000020ce       0x66 ./MCAL/EXTI/EXTI_program.o
                0x000020ce                __vector_2
 .text.EXTI_voidINT2SetCallBack
                0x00002134       0x24 ./MCAL/EXTI/EXTI_program.o
                0x00002134                EXTI_voidINT2SetCallBack
 .text.__vector_3
                0x00002158       0x66 ./MCAL/EXTI/EXTI_program.o
                0x00002158                __vector_3
 .text.DIO_SetPinDirection
                0x000021be      0x1e4 ./MCAL/DIO_Driver/DIO_Program.o
                0x000021be                DIO_SetPinDirection
 .text.DIO_SetPinValue
                0x000023a2      0x22e ./MCAL/DIO_Driver/DIO_Program.o
                0x000023a2                DIO_SetPinValue
 .text.DIO_voidTogglePinValue
                0x000025d0       0xfa ./MCAL/DIO_Driver/DIO_Program.o
                0x000025d0                DIO_voidTogglePinValue
 .text.DIO_u8SetPortValue
                0x000026ca       0x82 ./MCAL/DIO_Driver/DIO_Program.o
                0x000026ca                DIO_u8SetPortValue
 .text.DIO_u8SetPortDirection
                0x0000274c       0x82 ./MCAL/DIO_Driver/DIO_Program.o
                0x0000274c                DIO_u8SetPortDirection
 .text.DIO_u8GetPinValue
                0x000027ce       0xf2 ./MCAL/DIO_Driver/DIO_Program.o
                0x000027ce                DIO_u8GetPinValue
 .text.ADC_voidInit
                0x000028c0       0x6e ./MCAL/ADC/ADC_program.o
                0x000028c0                ADC_voidInit
 .text.ADC_voidInterruptControl
                0x0000292e       0x56 ./MCAL/ADC/ADC_program.o
                0x0000292e                ADC_voidInterruptControl
 .text.ADC_u8StartConversion
                0x00002984       0x6a ./MCAL/ADC/ADC_program.o
                0x00002984                ADC_u8StartConversion
 .text.ADC_u8StartConversionAsynchronous
                0x000029ee       0x4a ./MCAL/ADC/ADC_program.o
                0x000029ee                ADC_u8StartConversionAsynchronous
 .text.__vector__16
                0x00002a38       0x84 ./MCAL/ADC/ADC_program.o
                0x00002a38                __vector__16
 .text.LM35_init
                0x00002abc       0x30 ./HAL/LM35/LM35_program.o
                0x00002abc                LM35_init
 .text.LM35_read_temperature
                0x00002aec       0x74 ./HAL/LM35/LM35_program.o
                0x00002aec                LM35_read_temperature
 .text.LED_voidInit
                0x00002b60       0x2c ./HAL/LED/LED_program.o
                0x00002b60                LED_voidInit
 .text.LED_voidLEDTurnON
                0x00002b8c       0x2c ./HAL/LED/LED_program.o
                0x00002b8c                LED_voidLEDTurnON
 .text.LED_voidLEDTurnOFF
                0x00002bb8       0x2c ./HAL/LED/LED_program.o
                0x00002bb8                LED_voidLEDTurnOFF
 .text.LCD_voidinit
                0x00002be4      0x142 ./HAL/LCD/LCD_program.o
                0x00002be4                LCD_voidinit
 .text.LCD_voidSendData
                0x00002d26      0x146 ./HAL/LCD/LCD_program.o
                0x00002d26                LCD_voidSendData
 .text.LCD_voidSendCommand
                0x00002e6c      0x146 ./HAL/LCD/LCD_program.o
 .text.LCD_voidClearDisplay
                0x00002fb2       0x14 ./HAL/LCD/LCD_program.o
                0x00002fb2                LCD_voidClearDisplay
 .text.LCD_voidGotoXY
                0x00002fc6       0x40 ./HAL/LCD/LCD_program.o
                0x00002fc6                LCD_voidGotoXY
 .text.LCD_voidSendString
                0x00003006       0x52 ./HAL/LCD/LCD_program.o
                0x00003006                LCD_voidSendString
 .text.LCD_voidSendNumber
                0x00003058       0xa4 ./HAL/LCD/LCD_program.o
                0x00003058                LCD_voidSendNumber
 .text.LCD_voidCustomCharacter
                0x000030fc       0x86 ./HAL/LCD/LCD_program.o
                0x000030fc                LCD_voidCustomCharacter
 .text.KPD_voidinit
                0x00003182       0xae ./HAL/KeyPad/KeyPad_program.o
                0x00003182                KPD_voidinit
 .text.KPD_u8GetPressedKey
                0x00003230       0xe2 ./HAL/KeyPad/KeyPad_program.o
                0x00003230                KPD_u8GetPressedKey
 .text.EEPROM_voidSendDataByte
                0x00003312      0x136 ./HAL/EEPROM/EEPROM_program.o
                0x00003312                EEPROM_voidSendDataByte
 .text.EEPROM_voidReceiveDataByte
                0x00003448       0x58 ./HAL/EEPROM/EEPROM_program.o
                0x00003448                EEPROM_voidReceiveDataByte
 .text.main     0x000034a0       0x5c ./APP/RTOSMain.o
                0x000034a0                main
 .text.LED1_Task
                0x000034fc       0x16 ./APP/RTOSMain.o
                0x000034fc                LED1_Task
 .text.LED2_Task
                0x00003512       0x16 ./APP/RTOSMain.o
                0x00003512                LED2_Task
 .text.LED3_Task
                0x00003528       0x16 ./APP/RTOSMain.o
                0x00003528                LED3_Task
 .text.libgcc   0x0000353e       0x3e c:/users/ali ehab/desktop/imt_sdk_win_64/winavr/bin/../lib/gcc/avr/4.3.3/avr5\libgcc.a(_mulsi3.o)
                0x0000353e                __mulsi3
 .text.libgcc   0x0000357c       0x28 c:/users/ali ehab/desktop/imt_sdk_win_64/winavr/bin/../lib/gcc/avr/4.3.3/avr5\libgcc.a(_udivmodhi4.o)
                0x0000357c                __udivmodhi4
 .text.libgcc   0x000035a4        0x0 c:/users/ali ehab/desktop/imt_sdk_win_64/winavr/bin/../lib/gcc/avr/4.3.3/avr5\libgcc.a(_exit.o)
 .text.libgcc   0x000035a4        0x0 c:/users/ali ehab/desktop/imt_sdk_win_64/winavr/bin/../lib/gcc/avr/4.3.3/avr5\libgcc.a(_copy_data.o)
 .text.libgcc   0x000035a4        0x0 c:/users/ali ehab/desktop/imt_sdk_win_64/winavr/bin/../lib/gcc/avr/4.3.3/avr5\libgcc.a(_clear_bss.o)
 .text.libgcc   0x000035a4       0x38 c:/users/ali ehab/desktop/imt_sdk_win_64/winavr/bin/../lib/gcc/avr/4.3.3/avr5\libgcc.a(_prologue.o)
                0x000035a4                __prologue_saves__
 .text.libgcc   0x000035dc       0x36 c:/users/ali ehab/desktop/imt_sdk_win_64/winavr/bin/../lib/gcc/avr/4.3.3/avr5\libgcc.a(_epilogue.o)
                0x000035dc                __epilogue_restores__
                0x00003612                . = ALIGN (0x2)
 *(.fini9)
 .fini9         0x00003612        0x0 c:/users/ali ehab/desktop/imt_sdk_win_64/winavr/bin/../lib/gcc/avr/4.3.3/avr5\libgcc.a(_exit.o)
                0x00003612                exit
                0x00003612                _exit
 *(.fini9)
 *(.fini8)
 *(.fini8)
 *(.fini7)
 *(.fini7)
 *(.fini6)
 *(.fini6)
 *(.fini5)
 *(.fini5)
 *(.fini4)
 *(.fini4)
 *(.fini3)
 *(.fini3)
 *(.fini2)
 *(.fini2)
 *(.fini1)
 *(.fini1)
 *(.fini0)
 .fini0         0x00003612        0x4 c:/users/ali ehab/desktop/imt_sdk_win_64/winavr/bin/../lib/gcc/avr/4.3.3/avr5\libgcc.a(_exit.o)
 *(.fini0)
                0x00003616                _etext = .

.data           0x00800060       0x20 load address 0x00003616
                0x00800060                PROVIDE (__data_start, .)
 *(.data)
 .data          0x00800060        0x0 c:/users/ali ehab/desktop/imt_sdk_win_64/winavr/bin/../lib/gcc/avr/4.3.3/../../../../avr/lib/avr5/crtm32.o
 .data          0x00800060        0x0 ./SERVICES/RTOS/RTOS_program.o
 .data          0x00800060        0x0 ./MCAL/WatchDog Timer/WDT_program.o
 .data          0x00800060        0x0 ./MCAL/UART/UART_program.o
 .data          0x00800060        0x0 ./MCAL/TWI/TWI_program.o
 .data          0x00800060        0x0 ./MCAL/TIMER2/TMR2_program.o
 .data          0x00800060        0x0 ./MCAL/TIMER1/TMR1_program.o
 .data          0x00800060        0x0 ./MCAL/TIMER0/TMR0_program.o
 .data          0x00800060        0x0 ./MCAL/SPI/SPI_program.o
 .data          0x00800060        0x0 ./MCAL/GIE/GIE_program.o
 .data          0x00800060        0x0 ./MCAL/EXTI/EXTI_program.o
 .data          0x00800060        0x0 ./MCAL/DIO_Driver/DIO_Program.o
 .data          0x00800060        0x0 ./MCAL/ADC/ADC_program.o
 .data          0x00800060        0x0 ./HAL/SEVEN_SEGMENT/Seven_Segment.o
 .data          0x00800060        0x0 ./HAL/LM35/LM35_program.o
 .data          0x00800060        0x0 ./HAL/LED/LED_program.o
 .data          0x00800060        0x0 ./HAL/LCD/LCD_program.o
 .data          0x00800060        0x0 ./HAL/KeyPad/KeyPad_program.o
 .data          0x00800060        0x0 ./HAL/EEPROM/EEPROM_program.o
 .data          0x00800060        0x0 ./APP/Calculator.o
 .data          0x00800060        0x0 ./APP/ControlLEDPWM.o
 .data          0x00800060        0x0 ./APP/ICU.o
 .data          0x00800060        0x0 ./APP/ICU_SW.o
 .data          0x00800060        0x0 ./APP/KPD.o
 .data          0x00800060        0x0 ./APP/LCD.o
 .data          0x00800060        0x0 ./APP/LEDString.o
 .data          0x00800060        0x0 ./APP/LM35_project.o
 .data          0x00800060        0x0 ./APP/PotentiometerAndLCD.o
 .data          0x00800060        0x0 ./APP/PotentiometerAndLED.o
 .data          0x00800060        0x0 ./APP/PotentiometerAndTimer.o
 .data          0x00800060        0x0 ./APP/RTOSMain.o
 .data          0x00800060        0x0 ./APP/SPI.o
 .data          0x00800060        0x0 ./APP/SPI_Master.o
 .data          0x00800060        0x0 ./APP/SPI_Slave.o
 .data          0x00800060        0x0 ./APP/TMR0.o
 .data          0x00800060        0x0 ./APP/Toggle_LED_ISR.o
 .data          0x00800060        0x0 ./APP/Traffic7Seg.o
 .data          0x00800060        0x0 ./APP/UART_TTL.o
 .data          0x00800060        0x0 ./APP/WDT_Disable.o
 .data          0x00800060        0x0 ./APP/WDT_Sleep.o
 .data          0x00800060        0x0 ./APP/main.o
 .data          0x00800060        0x0 c:/users/ali ehab/desktop/imt_sdk_win_64/winavr/bin/../lib/gcc/avr/4.3.3/avr5\libgcc.a(_mulsi3.o)
 .data          0x00800060        0x0 c:/users/ali ehab/desktop/imt_sdk_win_64/winavr/bin/../lib/gcc/avr/4.3.3/avr5\libgcc.a(_udivmodhi4.o)
 .data          0x00800060        0x0 c:/users/ali ehab/desktop/imt_sdk_win_64/winavr/bin/../lib/gcc/avr/4.3.3/avr5\libgcc.a(_exit.o)
 .data          0x00800060        0x0 c:/users/ali ehab/desktop/imt_sdk_win_64/winavr/bin/../lib/gcc/avr/4.3.3/avr5\libgcc.a(_copy_data.o)
 .data          0x00800060        0x0 c:/users/ali ehab/desktop/imt_sdk_win_64/winavr/bin/../lib/gcc/avr/4.3.3/avr5\libgcc.a(_clear_bss.o)
 .data          0x00800060        0x0 c:/users/ali ehab/desktop/imt_sdk_win_64/winavr/bin/../lib/gcc/avr/4.3.3/avr5\libgcc.a(_fixunssfsi.o)
 .data          0x00800060        0x0 c:/users/ali ehab/desktop/imt_sdk_win_64/winavr/bin/../lib/gcc/avr/4.3.3/avr5\libgcc.a(_addsub_sf.o)
 .data          0x00800060        0x0 c:/users/ali ehab/desktop/imt_sdk_win_64/winavr/bin/../lib/gcc/avr/4.3.3/avr5\libgcc.a(_mul_sf.o)
 .data          0x00800060        0x0 c:/users/ali ehab/desktop/imt_sdk_win_64/winavr/bin/../lib/gcc/avr/4.3.3/avr5\libgcc.a(_gt_sf.o)
 .data          0x00800060        0x0 c:/users/ali ehab/desktop/imt_sdk_win_64/winavr/bin/../lib/gcc/avr/4.3.3/avr5\libgcc.a(_ge_sf.o)
 .data          0x00800060        0x0 c:/users/ali ehab/desktop/imt_sdk_win_64/winavr/bin/../lib/gcc/avr/4.3.3/avr5\libgcc.a(_lt_sf.o)
 .data          0x00800060        0x0 c:/users/ali ehab/desktop/imt_sdk_win_64/winavr/bin/../lib/gcc/avr/4.3.3/avr5\libgcc.a(_sf_to_si.o)
 .data          0x00800060        0x8 c:/users/ali ehab/desktop/imt_sdk_win_64/winavr/bin/../lib/gcc/avr/4.3.3/avr5\libgcc.a(_thenan_sf.o)
                0x00800060                __thenan_sf
 .data          0x00800068        0x0 c:/users/ali ehab/desktop/imt_sdk_win_64/winavr/bin/../lib/gcc/avr/4.3.3/avr5\libgcc.a(_prologue.o)
 .data          0x00800068        0x0 c:/users/ali ehab/desktop/imt_sdk_win_64/winavr/bin/../lib/gcc/avr/4.3.3/avr5\libgcc.a(_epilogue.o)
 .data          0x00800068        0x0 c:/users/ali ehab/desktop/imt_sdk_win_64/winavr/bin/../lib/gcc/avr/4.3.3/avr5\libgcc.a(_pack_sf.o)
 .data          0x00800068        0x0 c:/users/ali ehab/desktop/imt_sdk_win_64/winavr/bin/../lib/gcc/avr/4.3.3/avr5\libgcc.a(_unpack_sf.o)
 .data          0x00800068        0x0 c:/users/ali ehab/desktop/imt_sdk_win_64/winavr/bin/../lib/gcc/avr/4.3.3/avr5\libgcc.a(_fpcmp_parts_sf.o)
 *(.data*)
 .data.Local_u8KPDRowsArray.1218
                0x00800068        0x4 ./HAL/KeyPad/KeyPad_program.o
 .data.local_u8KPDColumnArray.1217
                0x0080006c        0x4 ./HAL/KeyPad/KeyPad_program.o
 .data.Local_u8KPDArray.1216
                0x00800070       0x10 ./HAL/KeyPad/KeyPad_program.o
 *(.rodata)
 *(.rodata*)
 *(.gnu.linkonce.d*)
                0x00800080                . = ALIGN (0x2)
                0x00800080                _edata = .
                0x00800080                PROVIDE (__data_end, .)

.bss            0x00800080       0x28
                0x00800080                PROVIDE (__bss_start, .)
 *(.bss)
 .bss           0x00800080        0x0 c:/users/ali ehab/desktop/imt_sdk_win_64/winavr/bin/../lib/gcc/avr/4.3.3/../../../../avr/lib/avr5/crtm32.o
 .bss           0x00800080        0x0 ./SERVICES/RTOS/RTOS_program.o
 .bss           0x00800080        0x0 ./MCAL/WatchDog Timer/WDT_program.o
 .bss           0x00800080        0x0 ./MCAL/UART/UART_program.o
 .bss           0x00800080        0x0 ./MCAL/TWI/TWI_program.o
 .bss           0x00800080        0x0 ./MCAL/TIMER2/TMR2_program.o
 .bss           0x00800080        0x0 ./MCAL/TIMER1/TMR1_program.o
 .bss           0x00800080        0x0 ./MCAL/TIMER0/TMR0_program.o
 .bss           0x00800080        0x0 ./MCAL/SPI/SPI_program.o
 .bss           0x00800080        0x0 ./MCAL/GIE/GIE_program.o
 .bss           0x00800080        0x0 ./MCAL/EXTI/EXTI_program.o
 .bss           0x00800080        0x0 ./MCAL/DIO_Driver/DIO_Program.o
 .bss           0x00800080        0x0 ./MCAL/ADC/ADC_program.o
 .bss           0x00800080        0x0 ./HAL/SEVEN_SEGMENT/Seven_Segment.o
 .bss           0x00800080        0x0 ./HAL/LM35/LM35_program.o
 .bss           0x00800080        0x0 ./HAL/LED/LED_program.o
 .bss           0x00800080        0x0 ./HAL/LCD/LCD_program.o
 .bss           0x00800080        0x0 ./HAL/KeyPad/KeyPad_program.o
 .bss           0x00800080        0x0 ./HAL/EEPROM/EEPROM_program.o
 .bss           0x00800080        0x0 ./APP/Calculator.o
 .bss           0x00800080        0x0 ./APP/ControlLEDPWM.o
 .bss           0x00800080        0x0 ./APP/ICU.o
 .bss           0x00800080        0x0 ./APP/ICU_SW.o
 .bss           0x00800080        0x0 ./APP/KPD.o
 .bss           0x00800080        0x0 ./APP/LCD.o
 .bss           0x00800080        0x0 ./APP/LEDString.o
 .bss           0x00800080        0x0 ./APP/LM35_project.o
 .bss           0x00800080        0x0 ./APP/PotentiometerAndLCD.o
 .bss           0x00800080        0x0 ./APP/PotentiometerAndLED.o
 .bss           0x00800080        0x0 ./APP/PotentiometerAndTimer.o
 .bss           0x00800080        0x0 ./APP/RTOSMain.o
 .bss           0x00800080        0x0 ./APP/SPI.o
 .bss           0x00800080        0x0 ./APP/SPI_Master.o
 .bss           0x00800080        0x0 ./APP/SPI_Slave.o
 .bss           0x00800080        0x0 ./APP/TMR0.o
 .bss           0x00800080        0x0 ./APP/Toggle_LED_ISR.o
 .bss           0x00800080        0x0 ./APP/Traffic7Seg.o
 .bss           0x00800080        0x0 ./APP/UART_TTL.o
 .bss           0x00800080        0x0 ./APP/WDT_Disable.o
 .bss           0x00800080        0x0 ./APP/WDT_Sleep.o
 .bss           0x00800080        0x0 ./APP/main.o
 .bss           0x00800080        0x0 c:/users/ali ehab/desktop/imt_sdk_win_64/winavr/bin/../lib/gcc/avr/4.3.3/avr5\libgcc.a(_mulsi3.o)
 .bss           0x00800080        0x0 c:/users/ali ehab/desktop/imt_sdk_win_64/winavr/bin/../lib/gcc/avr/4.3.3/avr5\libgcc.a(_udivmodhi4.o)
 .bss           0x00800080        0x0 c:/users/ali ehab/desktop/imt_sdk_win_64/winavr/bin/../lib/gcc/avr/4.3.3/avr5\libgcc.a(_exit.o)
 .bss           0x00800080        0x0 c:/users/ali ehab/desktop/imt_sdk_win_64/winavr/bin/../lib/gcc/avr/4.3.3/avr5\libgcc.a(_copy_data.o)
 .bss           0x00800080        0x0 c:/users/ali ehab/desktop/imt_sdk_win_64/winavr/bin/../lib/gcc/avr/4.3.3/avr5\libgcc.a(_clear_bss.o)
 .bss           0x00800080        0x0 c:/users/ali ehab/desktop/imt_sdk_win_64/winavr/bin/../lib/gcc/avr/4.3.3/avr5\libgcc.a(_fixunssfsi.o)
 .bss           0x00800080        0x0 c:/users/ali ehab/desktop/imt_sdk_win_64/winavr/bin/../lib/gcc/avr/4.3.3/avr5\libgcc.a(_addsub_sf.o)
 .bss           0x00800080        0x0 c:/users/ali ehab/desktop/imt_sdk_win_64/winavr/bin/../lib/gcc/avr/4.3.3/avr5\libgcc.a(_mul_sf.o)
 .bss           0x00800080        0x0 c:/users/ali ehab/desktop/imt_sdk_win_64/winavr/bin/../lib/gcc/avr/4.3.3/avr5\libgcc.a(_gt_sf.o)
 .bss           0x00800080        0x0 c:/users/ali ehab/desktop/imt_sdk_win_64/winavr/bin/../lib/gcc/avr/4.3.3/avr5\libgcc.a(_ge_sf.o)
 .bss           0x00800080        0x0 c:/users/ali ehab/desktop/imt_sdk_win_64/winavr/bin/../lib/gcc/avr/4.3.3/avr5\libgcc.a(_lt_sf.o)
 .bss           0x00800080        0x0 c:/users/ali ehab/desktop/imt_sdk_win_64/winavr/bin/../lib/gcc/avr/4.3.3/avr5\libgcc.a(_sf_to_si.o)
 .bss           0x00800080        0x0 c:/users/ali ehab/desktop/imt_sdk_win_64/winavr/bin/../lib/gcc/avr/4.3.3/avr5\libgcc.a(_thenan_sf.o)
 .bss           0x00800080        0x0 c:/users/ali ehab/desktop/imt_sdk_win_64/winavr/bin/../lib/gcc/avr/4.3.3/avr5\libgcc.a(_prologue.o)
 .bss           0x00800080        0x0 c:/users/ali ehab/desktop/imt_sdk_win_64/winavr/bin/../lib/gcc/avr/4.3.3/avr5\libgcc.a(_epilogue.o)
 .bss           0x00800080        0x0 c:/users/ali ehab/desktop/imt_sdk_win_64/winavr/bin/../lib/gcc/avr/4.3.3/avr5\libgcc.a(_pack_sf.o)
 .bss           0x00800080        0x0 c:/users/ali ehab/desktop/imt_sdk_win_64/winavr/bin/../lib/gcc/avr/4.3.3/avr5\libgcc.a(_unpack_sf.o)
 .bss           0x00800080        0x0 c:/users/ali ehab/desktop/imt_sdk_win_64/winavr/bin/../lib/gcc/avr/4.3.3/avr5\libgcc.a(_fpcmp_parts_sf.o)
 *(.bss*)
 .bss.SystemTasks
                0x00800080       0x12 ./SERVICES/RTOS/RTOS_program.o
 .bss.Local_u32TickCounter.1256
                0x00800092        0x2 ./SERVICES/RTOS/RTOS_program.o
 .bss.Global_pRXDataCompleteNotificationFunction
                0x00800094        0x2 ./MCAL/UART/UART_program.o
 .bss.Global_pTXDataCompleteNotificationFunction
                0x00800096        0x2 ./MCAL/UART/UART_program.o
 .bss.ICU_NotifictionFunction
                0x00800098        0x2 ./MCAL/TIMER1/TMR1_program.o
 .bss.Global_pvOVFNotificationFunction
                0x0080009a        0x2 ./MCAL/TIMER0/TMR0_program.o
 .bss.Global_pvOCRNotificationFunction
                0x0080009c        0x2 ./MCAL/TIMER0/TMR0_program.o
 .bss.EXTI_pvoidNotificationFunction
                0x0080009e        0x6 ./MCAL/EXTI/EXTI_program.o
 .bss.ADC_pvoidNotificatioFunction
                0x008000a4        0x2 ./MCAL/ADC/ADC_program.o
 .bss.ADC_u16DigitalResult
                0x008000a6        0x2 ./MCAL/ADC/ADC_program.o
                0x008000a6                ADC_u16DigitalResult
 *(COMMON)
                0x008000a8                PROVIDE (__bss_end, .)
                0x00003616                __data_load_start = LOADADDR (.data)
                0x00003636                __data_load_end = (__data_load_start + SIZEOF (.data))

.noinit         0x008000a8        0x0
                0x008000a8                PROVIDE (__noinit_start, .)
 *(.noinit*)
                0x008000a8                PROVIDE (__noinit_end, .)
                0x008000a8                _end = .
                0x008000a8                PROVIDE (__heap_start, .)

.eeprom         0x00810000        0x0
 *(.eeprom*)
                0x00810000                __eeprom_end = .

.fuse
 *(.fuse)
 *(.lfuse)
 *(.hfuse)
 *(.efuse)

.lock
 *(.lock*)

.signature
 *(.signature*)

.stab           0x00000000     0x5d18
 *(.stab)
 .stab          0x00000000      0x348 ./SERVICES/RTOS/RTOS_program.o
 .stab          0x00000348      0x204 ./MCAL/WatchDog Timer/WDT_program.o
                                0x210 (size before relaxing)
 .stab          0x0000054c      0x5c4 ./MCAL/UART/UART_program.o
                                0x5d0 (size before relaxing)
 .stab          0x00000b10      0x6a8 ./MCAL/TWI/TWI_program.o
                                0x6b4 (size before relaxing)
 .stab          0x000011b8      0x4bc ./MCAL/TIMER2/TMR2_program.o
                                0x4c8 (size before relaxing)
 .stab          0x00001674      0x3cc ./MCAL/TIMER1/TMR1_program.o
                                0x3d8 (size before relaxing)
 .stab          0x00001a40      0x588 ./MCAL/TIMER0/TMR0_program.o
                                0x594 (size before relaxing)
 .stab          0x00001fc8      0x324 ./MCAL/SPI/SPI_program.o
                                0x330 (size before relaxing)
 .stab          0x000022ec      0x1b0 ./MCAL/GIE/GIE_program.o
                                0x1bc (size before relaxing)
 .stab          0x0000249c      0x54c ./MCAL/EXTI/EXTI_program.o
                                0x558 (size before relaxing)
 .stab          0x000029e8      0x558 ./MCAL/DIO_Driver/DIO_Program.o
                                0x564 (size before relaxing)
 .stab          0x00002f40      0x36c ./MCAL/ADC/ADC_program.o
                                0x378 (size before relaxing)
 .stab          0x000032ac       0xd8 ./HAL/SEVEN_SEGMENT/Seven_Segment.o
                                 0xe4 (size before relaxing)
 .stab          0x00003384      0x270 ./HAL/LM35/LM35_program.o
                                0x27c (size before relaxing)
 .stab          0x000035f4      0x228 ./HAL/LED/LED_program.o
                                0x234 (size before relaxing)
 .stab          0x0000381c      0x99c ./HAL/LCD/LCD_program.o
                                0x9a8 (size before relaxing)
 .stab          0x000041b8      0x390 ./HAL/KeyPad/KeyPad_program.o
                                0x39c (size before relaxing)
 .stab          0x00004548      0x3c0 ./HAL/EEPROM/EEPROM_program.o
                                0x558 (size before relaxing)
 .stab          0x00004908       0xd8 ./APP/Calculator.o
                                 0xe4 (size before relaxing)
 .stab          0x000049e0       0xd8 ./APP/ControlLEDPWM.o
                                 0xe4 (size before relaxing)
 .stab          0x00004ab8       0xd8 ./APP/ICU.o
                                 0xe4 (size before relaxing)
 .stab          0x00004b90       0xd8 ./APP/ICU_SW.o
                                 0xe4 (size before relaxing)
 .stab          0x00004c68       0xd8 ./APP/KPD.o
                                 0xe4 (size before relaxing)
 .stab          0x00004d40       0xd8 ./APP/LCD.o
                                 0xe4 (size before relaxing)
 .stab          0x00004e18       0xd8 ./APP/LEDString.o
                                 0xe4 (size before relaxing)
 .stab          0x00004ef0       0xd8 ./APP/LM35_project.o
                                 0xe4 (size before relaxing)
 .stab          0x00004fc8       0xd8 ./APP/PotentiometerAndLCD.o
                                 0xe4 (size before relaxing)
 .stab          0x000050a0       0xd8 ./APP/PotentiometerAndLED.o
                                 0xe4 (size before relaxing)
 .stab          0x00005178       0xd8 ./APP/PotentiometerAndTimer.o
                                 0xe4 (size before relaxing)
 .stab          0x00005250      0x24c ./APP/RTOSMain.o
                                0x258 (size before relaxing)
 .stab          0x0000549c       0xd8 ./APP/SPI.o
                                 0xe4 (size before relaxing)
 .stab          0x00005574       0xd8 ./APP/SPI_Master.o
                                 0xe4 (size before relaxing)
 .stab          0x0000564c       0xd8 ./APP/SPI_Slave.o
                                 0xe4 (size before relaxing)
 .stab          0x00005724       0xd8 ./APP/TMR0.o
                                 0xe4 (size before relaxing)
 .stab          0x000057fc       0xd8 ./APP/Toggle_LED_ISR.o
                                 0xe4 (size before relaxing)
 .stab          0x000058d4       0xd8 ./APP/Traffic7Seg.o
                                 0xe4 (size before relaxing)
 .stab          0x000059ac       0xd8 ./APP/UART_TTL.o
                                 0xe4 (size before relaxing)
 .stab          0x00005a84       0xd8 ./APP/WDT_Disable.o
                                 0xe4 (size before relaxing)
 .stab          0x00005b5c       0xd8 ./APP/WDT_Sleep.o
                                 0xe4 (size before relaxing)
 .stab          0x00005c34       0xe4 ./APP/main.o
                                0x15c (size before relaxing)

.stabstr        0x00000000     0x2535
 *(.stabstr)
 .stabstr       0x00000000     0x2535 ./SERVICES/RTOS/RTOS_program.o

.stab.excl
 *(.stab.excl)

.stab.exclstr
 *(.stab.exclstr)

.stab.index
 *(.stab.index)

.stab.indexstr
 *(.stab.indexstr)

.comment
 *(.comment)

.debug
 *(.debug)

.line
 *(.line)

.debug_srcinfo
 *(.debug_srcinfo)

.debug_sfnames
 *(.debug_sfnames)

.debug_aranges  0x00000000      0x140
 *(.debug_aranges)
 .debug_aranges
                0x00000000       0x20 c:/users/ali ehab/desktop/imt_sdk_win_64/winavr/bin/../lib/gcc/avr/4.3.3/avr5\libgcc.a(_fixunssfsi.o)
 .debug_aranges
                0x00000020       0x20 c:/users/ali ehab/desktop/imt_sdk_win_64/winavr/bin/../lib/gcc/avr/4.3.3/avr5\libgcc.a(_addsub_sf.o)
 .debug_aranges
                0x00000040       0x20 c:/users/ali ehab/desktop/imt_sdk_win_64/winavr/bin/../lib/gcc/avr/4.3.3/avr5\libgcc.a(_mul_sf.o)
 .debug_aranges
                0x00000060       0x20 c:/users/ali ehab/desktop/imt_sdk_win_64/winavr/bin/../lib/gcc/avr/4.3.3/avr5\libgcc.a(_gt_sf.o)
 .debug_aranges
                0x00000080       0x20 c:/users/ali ehab/desktop/imt_sdk_win_64/winavr/bin/../lib/gcc/avr/4.3.3/avr5\libgcc.a(_ge_sf.o)
 .debug_aranges
                0x000000a0       0x20 c:/users/ali ehab/desktop/imt_sdk_win_64/winavr/bin/../lib/gcc/avr/4.3.3/avr5\libgcc.a(_lt_sf.o)
 .debug_aranges
                0x000000c0       0x20 c:/users/ali ehab/desktop/imt_sdk_win_64/winavr/bin/../lib/gcc/avr/4.3.3/avr5\libgcc.a(_sf_to_si.o)
 .debug_aranges
                0x000000e0       0x20 c:/users/ali ehab/desktop/imt_sdk_win_64/winavr/bin/../lib/gcc/avr/4.3.3/avr5\libgcc.a(_pack_sf.o)
 .debug_aranges
                0x00000100       0x20 c:/users/ali ehab/desktop/imt_sdk_win_64/winavr/bin/../lib/gcc/avr/4.3.3/avr5\libgcc.a(_unpack_sf.o)
 .debug_aranges
                0x00000120       0x20 c:/users/ali ehab/desktop/imt_sdk_win_64/winavr/bin/../lib/gcc/avr/4.3.3/avr5\libgcc.a(_fpcmp_parts_sf.o)

.debug_pubnames
                0x00000000      0x170
 *(.debug_pubnames)
 .debug_pubnames
                0x00000000       0x23 c:/users/ali ehab/desktop/imt_sdk_win_64/winavr/bin/../lib/gcc/avr/4.3.3/avr5\libgcc.a(_fixunssfsi.o)
 .debug_pubnames
                0x00000023       0x2c c:/users/ali ehab/desktop/imt_sdk_win_64/winavr/bin/../lib/gcc/avr/4.3.3/avr5\libgcc.a(_addsub_sf.o)
 .debug_pubnames
                0x0000004f       0x1f c:/users/ali ehab/desktop/imt_sdk_win_64/winavr/bin/../lib/gcc/avr/4.3.3/avr5\libgcc.a(_mul_sf.o)
 .debug_pubnames
                0x0000006e       0x1e c:/users/ali ehab/desktop/imt_sdk_win_64/winavr/bin/../lib/gcc/avr/4.3.3/avr5\libgcc.a(_gt_sf.o)
 .debug_pubnames
                0x0000008c       0x1e c:/users/ali ehab/desktop/imt_sdk_win_64/winavr/bin/../lib/gcc/avr/4.3.3/avr5\libgcc.a(_ge_sf.o)
 .debug_pubnames
                0x000000aa       0x1e c:/users/ali ehab/desktop/imt_sdk_win_64/winavr/bin/../lib/gcc/avr/4.3.3/avr5\libgcc.a(_lt_sf.o)
 .debug_pubnames
                0x000000c8       0x20 c:/users/ali ehab/desktop/imt_sdk_win_64/winavr/bin/../lib/gcc/avr/4.3.3/avr5\libgcc.a(_sf_to_si.o)
 .debug_pubnames
                0x000000e8       0x22 c:/users/ali ehab/desktop/imt_sdk_win_64/winavr/bin/../lib/gcc/avr/4.3.3/avr5\libgcc.a(_thenan_sf.o)
 .debug_pubnames
                0x0000010a       0x1f c:/users/ali ehab/desktop/imt_sdk_win_64/winavr/bin/../lib/gcc/avr/4.3.3/avr5\libgcc.a(_pack_sf.o)
 .debug_pubnames
                0x00000129       0x21 c:/users/ali ehab/desktop/imt_sdk_win_64/winavr/bin/../lib/gcc/avr/4.3.3/avr5\libgcc.a(_unpack_sf.o)
 .debug_pubnames
                0x0000014a       0x26 c:/users/ali ehab/desktop/imt_sdk_win_64/winavr/bin/../lib/gcc/avr/4.3.3/avr5\libgcc.a(_fpcmp_parts_sf.o)

.debug_info     0x00000000     0x1c49
 *(.debug_info)
 .debug_info    0x00000000       0xb1 c:/users/ali ehab/desktop/imt_sdk_win_64/winavr/bin/../lib/gcc/avr/4.3.3/avr5\libgcc.a(_fixunssfsi.o)
 .debug_info    0x000000b1      0x47a c:/users/ali ehab/desktop/imt_sdk_win_64/winavr/bin/../lib/gcc/avr/4.3.3/avr5\libgcc.a(_addsub_sf.o)
 .debug_info    0x0000052b      0x485 c:/users/ali ehab/desktop/imt_sdk_win_64/winavr/bin/../lib/gcc/avr/4.3.3/avr5\libgcc.a(_mul_sf.o)
 .debug_info    0x000009b0      0x27f c:/users/ali ehab/desktop/imt_sdk_win_64/winavr/bin/../lib/gcc/avr/4.3.3/avr5\libgcc.a(_gt_sf.o)
 .debug_info    0x00000c2f      0x27f c:/users/ali ehab/desktop/imt_sdk_win_64/winavr/bin/../lib/gcc/avr/4.3.3/avr5\libgcc.a(_ge_sf.o)
 .debug_info    0x00000eae      0x27f c:/users/ali ehab/desktop/imt_sdk_win_64/winavr/bin/../lib/gcc/avr/4.3.3/avr5\libgcc.a(_lt_sf.o)
 .debug_info    0x0000112d      0x2b0 c:/users/ali ehab/desktop/imt_sdk_win_64/winavr/bin/../lib/gcc/avr/4.3.3/avr5\libgcc.a(_sf_to_si.o)
 .debug_info    0x000013dd      0x12c c:/users/ali ehab/desktop/imt_sdk_win_64/winavr/bin/../lib/gcc/avr/4.3.3/avr5\libgcc.a(_thenan_sf.o)
 .debug_info    0x00001509      0x2df c:/users/ali ehab/desktop/imt_sdk_win_64/winavr/bin/../lib/gcc/avr/4.3.3/avr5\libgcc.a(_pack_sf.o)
 .debug_info    0x000017e8      0x251 c:/users/ali ehab/desktop/imt_sdk_win_64/winavr/bin/../lib/gcc/avr/4.3.3/avr5\libgcc.a(_unpack_sf.o)
 .debug_info    0x00001a39      0x210 c:/users/ali ehab/desktop/imt_sdk_win_64/winavr/bin/../lib/gcc/avr/4.3.3/avr5\libgcc.a(_fpcmp_parts_sf.o)
 *(.gnu.linkonce.wi.*)

.debug_abbrev   0x00000000      0xeeb
 *(.debug_abbrev)
 .debug_abbrev  0x00000000       0x5d c:/users/ali ehab/desktop/imt_sdk_win_64/winavr/bin/../lib/gcc/avr/4.3.3/avr5\libgcc.a(_fixunssfsi.o)
 .debug_abbrev  0x0000005d      0x1ea c:/users/ali ehab/desktop/imt_sdk_win_64/winavr/bin/../lib/gcc/avr/4.3.3/avr5\libgcc.a(_addsub_sf.o)
 .debug_abbrev  0x00000247      0x21b c:/users/ali ehab/desktop/imt_sdk_win_64/winavr/bin/../lib/gcc/avr/4.3.3/avr5\libgcc.a(_mul_sf.o)
 .debug_abbrev  0x00000462      0x15a c:/users/ali ehab/desktop/imt_sdk_win_64/winavr/bin/../lib/gcc/avr/4.3.3/avr5\libgcc.a(_gt_sf.o)
 .debug_abbrev  0x000005bc      0x15a c:/users/ali ehab/desktop/imt_sdk_win_64/winavr/bin/../lib/gcc/avr/4.3.3/avr5\libgcc.a(_ge_sf.o)
 .debug_abbrev  0x00000716      0x15a c:/users/ali ehab/desktop/imt_sdk_win_64/winavr/bin/../lib/gcc/avr/4.3.3/avr5\libgcc.a(_lt_sf.o)
 .debug_abbrev  0x00000870      0x17f c:/users/ali ehab/desktop/imt_sdk_win_64/winavr/bin/../lib/gcc/avr/4.3.3/avr5\libgcc.a(_sf_to_si.o)
 .debug_abbrev  0x000009ef       0xad c:/users/ali ehab/desktop/imt_sdk_win_64/winavr/bin/../lib/gcc/avr/4.3.3/avr5\libgcc.a(_thenan_sf.o)
 .debug_abbrev  0x00000a9c      0x1c0 c:/users/ali ehab/desktop/imt_sdk_win_64/winavr/bin/../lib/gcc/avr/4.3.3/avr5\libgcc.a(_pack_sf.o)
 .debug_abbrev  0x00000c5c      0x154 c:/users/ali ehab/desktop/imt_sdk_win_64/winavr/bin/../lib/gcc/avr/4.3.3/avr5\libgcc.a(_unpack_sf.o)
 .debug_abbrev  0x00000db0      0x13b c:/users/ali ehab/desktop/imt_sdk_win_64/winavr/bin/../lib/gcc/avr/4.3.3/avr5\libgcc.a(_fpcmp_parts_sf.o)

.debug_line     0x00000000      0xdad
 *(.debug_line)
 .debug_line    0x00000000       0xa7 c:/users/ali ehab/desktop/imt_sdk_win_64/winavr/bin/../lib/gcc/avr/4.3.3/avr5\libgcc.a(_fixunssfsi.o)
 .debug_line    0x000000a7      0x2af c:/users/ali ehab/desktop/imt_sdk_win_64/winavr/bin/../lib/gcc/avr/4.3.3/avr5\libgcc.a(_addsub_sf.o)
 .debug_line    0x00000356      0x239 c:/users/ali ehab/desktop/imt_sdk_win_64/winavr/bin/../lib/gcc/avr/4.3.3/avr5\libgcc.a(_mul_sf.o)
 .debug_line    0x0000058f       0xd3 c:/users/ali ehab/desktop/imt_sdk_win_64/winavr/bin/../lib/gcc/avr/4.3.3/avr5\libgcc.a(_gt_sf.o)
 .debug_line    0x00000662       0xd3 c:/users/ali ehab/desktop/imt_sdk_win_64/winavr/bin/../lib/gcc/avr/4.3.3/avr5\libgcc.a(_ge_sf.o)
 .debug_line    0x00000735       0xd3 c:/users/ali ehab/desktop/imt_sdk_win_64/winavr/bin/../lib/gcc/avr/4.3.3/avr5\libgcc.a(_lt_sf.o)
 .debug_line    0x00000808      0x109 c:/users/ali ehab/desktop/imt_sdk_win_64/winavr/bin/../lib/gcc/avr/4.3.3/avr5\libgcc.a(_sf_to_si.o)
 .debug_line    0x00000911       0x90 c:/users/ali ehab/desktop/imt_sdk_win_64/winavr/bin/../lib/gcc/avr/4.3.3/avr5\libgcc.a(_thenan_sf.o)
 .debug_line    0x000009a1      0x18a c:/users/ali ehab/desktop/imt_sdk_win_64/winavr/bin/../lib/gcc/avr/4.3.3/avr5\libgcc.a(_pack_sf.o)
 .debug_line    0x00000b2b      0x14b c:/users/ali ehab/desktop/imt_sdk_win_64/winavr/bin/../lib/gcc/avr/4.3.3/avr5\libgcc.a(_unpack_sf.o)
 .debug_line    0x00000c76      0x137 c:/users/ali ehab/desktop/imt_sdk_win_64/winavr/bin/../lib/gcc/avr/4.3.3/avr5\libgcc.a(_fpcmp_parts_sf.o)

.debug_frame    0x00000000      0x160
 *(.debug_frame)
 .debug_frame   0x00000000       0x20 c:/users/ali ehab/desktop/imt_sdk_win_64/winavr/bin/../lib/gcc/avr/4.3.3/avr5\libgcc.a(_fixunssfsi.o)
 .debug_frame   0x00000020       0x40 c:/users/ali ehab/desktop/imt_sdk_win_64/winavr/bin/../lib/gcc/avr/4.3.3/avr5\libgcc.a(_addsub_sf.o)
 .debug_frame   0x00000060       0x20 c:/users/ali ehab/desktop/imt_sdk_win_64/winavr/bin/../lib/gcc/avr/4.3.3/avr5\libgcc.a(_mul_sf.o)
 .debug_frame   0x00000080       0x20 c:/users/ali ehab/desktop/imt_sdk_win_64/winavr/bin/../lib/gcc/avr/4.3.3/avr5\libgcc.a(_gt_sf.o)
 .debug_frame   0x000000a0       0x20 c:/users/ali ehab/desktop/imt_sdk_win_64/winavr/bin/../lib/gcc/avr/4.3.3/avr5\libgcc.a(_ge_sf.o)
 .debug_frame   0x000000c0       0x20 c:/users/ali ehab/desktop/imt_sdk_win_64/winavr/bin/../lib/gcc/avr/4.3.3/avr5\libgcc.a(_lt_sf.o)
 .debug_frame   0x000000e0       0x20 c:/users/ali ehab/desktop/imt_sdk_win_64/winavr/bin/../lib/gcc/avr/4.3.3/avr5\libgcc.a(_sf_to_si.o)
 .debug_frame   0x00000100       0x20 c:/users/ali ehab/desktop/imt_sdk_win_64/winavr/bin/../lib/gcc/avr/4.3.3/avr5\libgcc.a(_pack_sf.o)
 .debug_frame   0x00000120       0x20 c:/users/ali ehab/desktop/imt_sdk_win_64/winavr/bin/../lib/gcc/avr/4.3.3/avr5\libgcc.a(_unpack_sf.o)
 .debug_frame   0x00000140       0x20 c:/users/ali ehab/desktop/imt_sdk_win_64/winavr/bin/../lib/gcc/avr/4.3.3/avr5\libgcc.a(_fpcmp_parts_sf.o)

.debug_str      0x00000000      0x28d
 *(.debug_str)
 .debug_str     0x00000000       0xbf c:/users/ali ehab/desktop/imt_sdk_win_64/winavr/bin/../lib/gcc/avr/4.3.3/avr5\libgcc.a(_fixunssfsi.o)
                                 0xfe (size before relaxing)
 .debug_str     0x000000bf      0x14d c:/users/ali ehab/desktop/imt_sdk_win_64/winavr/bin/../lib/gcc/avr/4.3.3/avr5\libgcc.a(_addsub_sf.o)
                                0x206 (size before relaxing)
 .debug_str     0x0000020c       0x27 c:/users/ali ehab/desktop/imt_sdk_win_64/winavr/bin/../lib/gcc/avr/4.3.3/avr5\libgcc.a(_mul_sf.o)
                                0x1bf (size before relaxing)
 .debug_str     0x00000233        0xf c:/users/ali ehab/desktop/imt_sdk_win_64/winavr/bin/../lib/gcc/avr/4.3.3/avr5\libgcc.a(_gt_sf.o)
                                0x195 (size before relaxing)
 .debug_str     0x00000242        0x8 c:/users/ali ehab/desktop/imt_sdk_win_64/winavr/bin/../lib/gcc/avr/4.3.3/avr5\libgcc.a(_ge_sf.o)
                                0x195 (size before relaxing)
 .debug_str     0x0000024a        0x8 c:/users/ali ehab/desktop/imt_sdk_win_64/winavr/bin/../lib/gcc/avr/4.3.3/avr5\libgcc.a(_lt_sf.o)
                                0x195 (size before relaxing)
 .debug_str     0x00000252        0xa c:/users/ali ehab/desktop/imt_sdk_win_64/winavr/bin/../lib/gcc/avr/4.3.3/avr5\libgcc.a(_sf_to_si.o)
                                0x19e (size before relaxing)
 .debug_str     0x00000000      0x103 c:/users/ali ehab/desktop/imt_sdk_win_64/winavr/bin/../lib/gcc/avr/4.3.3/avr5\libgcc.a(_thenan_sf.o)
 .debug_str     0x0000025c       0x16 c:/users/ali ehab/desktop/imt_sdk_win_64/winavr/bin/../lib/gcc/avr/4.3.3/avr5\libgcc.a(_pack_sf.o)
                                0x19d (size before relaxing)
 .debug_str     0x00000272        0xb c:/users/ali ehab/desktop/imt_sdk_win_64/winavr/bin/../lib/gcc/avr/4.3.3/avr5\libgcc.a(_unpack_sf.o)
                                0x17f (size before relaxing)
 .debug_str     0x0000027d       0x10 c:/users/ali ehab/desktop/imt_sdk_win_64/winavr/bin/../lib/gcc/avr/4.3.3/avr5\libgcc.a(_fpcmp_parts_sf.o)
                                0x163 (size before relaxing)

.debug_loc      0x00000000      0x7ce
 *(.debug_loc)
 .debug_loc     0x00000000       0x34 c:/users/ali ehab/desktop/imt_sdk_win_64/winavr/bin/../lib/gcc/avr/4.3.3/avr5\libgcc.a(_fixunssfsi.o)
 .debug_loc     0x00000034      0x32a c:/users/ali ehab/desktop/imt_sdk_win_64/winavr/bin/../lib/gcc/avr/4.3.3/avr5\libgcc.a(_addsub_sf.o)
 .debug_loc     0x0000035e      0x104 c:/users/ali ehab/desktop/imt_sdk_win_64/winavr/bin/../lib/gcc/avr/4.3.3/avr5\libgcc.a(_mul_sf.o)
 .debug_loc     0x00000462       0x3c c:/users/ali ehab/desktop/imt_sdk_win_64/winavr/bin/../lib/gcc/avr/4.3.3/avr5\libgcc.a(_gt_sf.o)
 .debug_loc     0x0000049e       0x3c c:/users/ali ehab/desktop/imt_sdk_win_64/winavr/bin/../lib/gcc/avr/4.3.3/avr5\libgcc.a(_ge_sf.o)
 .debug_loc     0x000004da       0x3c c:/users/ali ehab/desktop/imt_sdk_win_64/winavr/bin/../lib/gcc/avr/4.3.3/avr5\libgcc.a(_lt_sf.o)
 .debug_loc     0x00000516       0x7e c:/users/ali ehab/desktop/imt_sdk_win_64/winavr/bin/../lib/gcc/avr/4.3.3/avr5\libgcc.a(_sf_to_si.o)
 .debug_loc     0x00000594      0x13e c:/users/ali ehab/desktop/imt_sdk_win_64/winavr/bin/../lib/gcc/avr/4.3.3/avr5\libgcc.a(_pack_sf.o)
 .debug_loc     0x000006d2       0xac c:/users/ali ehab/desktop/imt_sdk_win_64/winavr/bin/../lib/gcc/avr/4.3.3/avr5\libgcc.a(_unpack_sf.o)
 .debug_loc     0x0000077e       0x50 c:/users/ali ehab/desktop/imt_sdk_win_64/winavr/bin/../lib/gcc/avr/4.3.3/avr5\libgcc.a(_fpcmp_parts_sf.o)

.debug_macinfo
 *(.debug_macinfo)
OUTPUT(DIO_DRIVER2.elf elf32-avr)
LOAD linker stubs

.debug_ranges   0x00000000       0x50
 .debug_ranges  0x00000000       0x50 c:/users/ali ehab/desktop/imt_sdk_win_64/winavr/bin/../lib/gcc/avr/4.3.3/avr5\libgcc.a(_mul_sf.o)
